c:\users\woute\documents\school\hku\jaar1\c++\kernmodule_gamedev\kernmodu.21a7522f\x64\debug\vc143.pdb
c:\users\woute\documents\school\hku\jaar1\c++\kernmodule_gamedev\kernmodu.21a7522f\x64\debug\vc143.idb
c:\users\woute\documents\school\hku\jaar1\c++\kernmodule_gamedev\kernmodu.21a7522f\x64\debug\vec2.obj
c:\users\woute\documents\school\hku\jaar1\c++\kernmodule_gamedev\kernmodu.21a7522f\x64\debug\shape.obj
c:\users\woute\documents\school\hku\jaar1\c++\kernmodule_gamedev\kernmodu.21a7522f\x64\debug\rigidbody.obj
c:\users\woute\documents\school\hku\jaar1\c++\kernmodule_gamedev\kernmodu.21a7522f\x64\debug\rectangle.obj
c:\users\woute\documents\school\hku\jaar1\c++\kernmodule_gamedev\kernmodu.21a7522f\x64\debug\kernmodule_gamedev.obj
c:\users\woute\documents\school\hku\jaar1\c++\kernmodule_gamedev\kernmodu.21a7522f\x64\debug\gameobject.obj
c:\users\woute\documents\school\hku\jaar1\c++\kernmodule_gamedev\kernmodu.21a7522f\x64\debug\circle.obj
c:\users\woute\documents\school\hku\jaar1\c++\kernmodule_gamedev\x64\debug\kernmodule_gamedev.exe
c:\users\woute\documents\school\hku\jaar1\c++\kernmodule_gamedev\x64\debug\kernmodule_gamedev.pdb
c:\users\woute\documents\school\hku\jaar1\c++\kernmodule_gamedev\kernmodu.21a7522f\x64\debug\kernmodule_gamedev.ilk
c:\users\woute\documents\school\hku\jaar1\c++\kernmodule_gamedev\kernmodu.21a7522f\x64\debug\customtime.obj
c:\users\woute\documents\school\hku\jaar1\c++\kernmodule_gamedev\kernmodu.21a7522f\x64\debug\time.obj
c:\users\woute\documents\school\hku\jaar1\c++\kernmodule_gamedev\kernmodu.21a7522f\x64\debug\kernmodu.21a7522f.tlog\cl.command.1.tlog
c:\users\woute\documents\school\hku\jaar1\c++\kernmodule_gamedev\kernmodu.21a7522f\x64\debug\kernmodu.21a7522f.tlog\cl.items.tlog
c:\users\woute\documents\school\hku\jaar1\c++\kernmodule_gamedev\kernmodu.21a7522f\x64\debug\kernmodu.21a7522f.tlog\cl.read.1.tlog
c:\users\woute\documents\school\hku\jaar1\c++\kernmodule_gamedev\kernmodu.21a7522f\x64\debug\kernmodu.21a7522f.tlog\cl.write.1.tlog
c:\users\woute\documents\school\hku\jaar1\c++\kernmodule_gamedev\kernmodu.21a7522f\x64\debug\kernmodu.21a7522f.tlog\link.command.1.tlog
c:\users\woute\documents\school\hku\jaar1\c++\kernmodule_gamedev\kernmodu.21a7522f\x64\debug\kernmodu.21a7522f.tlog\link.read.1.tlog
c:\users\woute\documents\school\hku\jaar1\c++\kernmodule_gamedev\kernmodu.21a7522f\x64\debug\kernmodu.21a7522f.tlog\link.secondary.1.tlog
c:\users\woute\documents\school\hku\jaar1\c++\kernmodule_gamedev\kernmodu.21a7522f\x64\debug\kernmodu.21a7522f.tlog\link.write.1.tlog
